Participants (10): 0421_1915_upd200, 0427_1914_upd200, 0427_2321_upd200, 0428_0151_upd200, 0428_0416_upd200, 0428_0836_upd200, 0428_1249_upd200, random, heuristic, simple
Running 45 pairings x 1000 games = 45000 total games
Using 16 workers running pairings in parallel

  [4/45] 0421_1915_upd200 vs random: 998/1000 (100%)  (45.9s)
  [5/45] 0427_1914_upd200 vs random: 1000/1000 (100%)  (47.4s)
  [6/45] 0421_1915_upd200 vs simple: 968/1000 (97%)  (49.3s)
  [7/45] 0421_1915_upd200 vs heuristic: 671/1000 (67%)  (52.8s)
  [8/45] 0427_1914_upd200 vs heuristic: 848/1000 (85%)  (56.1s)
  [9/45] 0427_1914_upd200 vs simple: 987/1000 (99%)  (90.6s)
  [10/45] 0421_1915_upd200 vs 0427_1914_upd200: 313/1000 (31%)  (118.5s)
  [11/45] 0421_1915_upd200 vs 0427_2321_upd200: 249/1000 (25%)  (130.1s)
  [12/45] 0427_2321_upd200 vs random: 1000/1000 (100%)  (135.1s)
  [13/45] 0421_1915_upd200 vs 0428_0151_upd200: 324/1000 (32%)  (135.8s)
  [14/45] 0427_1914_upd200 vs 0427_2321_upd200: 390/1000 (39%)  (137.4s)
  [15/45] 0421_1915_upd200 vs 0428_0416_upd200: 339/1000 (34%)  (142.3s)
  [16/45] 0427_1914_upd200 vs 0428_0151_upd200: 483/1000 (48%)  (142.5s)
  [17/45] 0421_1915_upd200 vs 0428_1249_upd200: 218/1000 (22%)  (144.6s)
  [18/45] 0427_1914_upd200 vs 0428_0416_upd200: 493/1000 (49%)  (145.1s)
  [19/45] 0427_1914_upd200 vs 0428_1249_upd200: 412/1000 (41%)  (145.2s)
  [20/45] 0421_1915_upd200 vs 0428_0836_upd200: 223/1000 (22%)  (147.6s)
  [21/45] 0427_1914_upd200 vs 0428_0836_upd200: 386/1000 (39%)  (147.8s)
  [22/45] 0427_2321_upd200 vs heuristic: 862/1000 (86%)  (169.1s)
  [23/45] 0427_2321_upd200 vs simple: 990/1000 (99%)  (174.4s)
  [24/45] 0428_0151_upd200 vs random: 1000/1000 (100%)  (183.0s)
  [25/45] 0427_2321_upd200 vs 0428_0416_upd200: 579/1000 (58%)  (184.7s)
  [26/45] 0427_2321_upd200 vs 0428_0151_upd200: 586/1000 (59%)  (185.3s)
  [27/45] 0428_0151_upd200 vs simple: 983/1000 (98%)  (187.8s)
  [28/45] 0428_0416_upd200 vs random: 1000/1000 (100%)  (188.7s)
  [29/45] 0428_0151_upd200 vs heuristic: 864/1000 (86%)  (191.3s)
  [30/45] 0428_0416_upd200 vs heuristic: 855/1000 (86%)  (196.5s)
  [31/45] 0427_2321_upd200 vs 0428_0836_upd200: 487/1000 (49%)  (199.1s)
  [32/45] 0427_2321_upd200 vs 0428_1249_upd200: 454/1000 (45%)  (200.7s)
  [33/45] 0428_0416_upd200 vs simple: 993/1000 (99%)  (210.8s)
  [34/45] 0428_0836_upd200 vs random: 1000/1000 (100%)  (220.0s)
  [35/45] 0428_1249_upd200 vs random: 1000/1000 (100%)  (223.3s)
  [36/45] 0428_0836_upd200 vs simple: 996/1000 (100%)  (223.4s)
  [37/45] 0428_0836_upd200 vs heuristic: 894/1000 (89%)  (227.5s)
  [38/45] 0428_1249_upd200 vs simple: 991/1000 (99%)  (227.8s)
  [39/45] 0428_1249_upd200 vs heuristic: 873/1000 (87%)  (230.2s)
  [40/45] 0428_0151_upd200 vs 0428_0416_upd200: 521/1000 (52%)  (245.4s)
  [41/45] 0428_0151_upd200 vs 0428_0836_upd200: 404/1000 (40%)  (247.9s)
  [42/45] 0428_0151_upd200 vs 0428_1249_upd200: 383/1000 (38%)  (250.7s)
  [43/45] 0428_0416_upd200 vs 0428_1249_upd200: 401/1000 (40%)  (251.9s)
  [44/45] 0428_0416_upd200 vs 0428_0836_upd200: 413/1000 (41%)  (253.7s)
  [45/45] 0428_0836_upd200 vs 0428_1249_upd200: 495/1000 (50%)  (261.2s)

Games complete in 271.2s

============================================================
ELO LEADERBOARD
============================================================
Rank  Name               Elo     W     L   Win%
------------------------------------------------------------
1     0428_1249_upd200   1210  6501  2499  72.2%
2     0428_0836_upd200   1207  6472  2528  71.9%
3     0427_2321_upd200   1192  6319  2681  70.2%
4     0428_0151_upd200   1139  5762  3238  64.0%
5     0428_0416_upd200   1136  5730  3270  63.7%
6     0427_1914_upd200   1132  5686  3314  63.2%
7     0421_1915_upd200   1000  4303  4697  47.8%
8     heuristic          840  2977  6023  33.1%
9     simple             451  1169  7831  13.0%
10    random             -15    81  8919   0.9%
============================================================
